[05:35:48.970] [DEBUG] Command "yarn.cmd" not found, trying next variation...
[05:35:49.076] [DEBUG] Command "yarn.exe" not found, trying next variation...
[05:35:49.187] [DEBUG] Command "yarn.ps1" not found, trying next variation...
[05:35:49.406] [DEBUG] Command "pnpm.cmd" not found, trying next variation...
[05:35:49.501] [DEBUG] Command "pnpm.exe" not found, trying next variation...
[05:35:49.591] [DEBUG] Command "pnpm.ps1" not found, trying next variation...
[05:35:50.268] [INFO] [36mInitializing Storybook[39m
[05:35:50.377] [DEBUG] Command "yarn.cmd" not found, trying next variation...
[05:35:50.474] [DEBUG] Command "yarn.exe" not found, trying next variation...
[05:35:50.557] [DEBUG] Command "yarn.ps1" not found, trying next variation...
[05:35:50.742] [DEBUG] Command "pnpm.cmd" not found, trying next variation...
[05:35:50.834] [DEBUG] Command "pnpm.exe" not found, trying next variation...
[05:35:50.925] [DEBUG] Command "pnpm.ps1" not found, trying next variation...
[05:35:51.538] [DEBUG] Getting package.json info for C:\Users\rangg\Documents\lomba emergent\package.json...
[05:35:51.538] [INFO] Package manager: npm
[05:35:51.548] [ERROR] [38;2;241;97;97mError: ENOENT: no such file or directory, open '.\package.json'[39m
    at readFileSync (node:fs:435:20)
    at _JsPackageManager.getPackageJson (file:///C:/Users/rangg/AppData/Local/npm-cache/_npx/05823ecb1a3a987d/node_modules/storybook/dist/_node-chunks/chunk-OKMX43Z2.js:14146:23)
    at get packageJson (file:///C:/Users/rangg/AppData/Local/npm-cache/_npx/05823ecb1a3a987d/node_modules/storybook/dist/_node-chunks/chunk-OKMX43Z2.js:14510:34)
    at PreflightCheckCommand.checkPackageNameConflict (file:///C:/Users/rangg/AppData/Local/npm-cache/_npx/05823ecb1a3a987d/node_modules/create-storybook/dist/_node-chunks/chunk-KQWCXKNP.js:669:39)
    at PreflightCheckCommand.execute (file:///C:/Users/rangg/AppData/Local/npm-cache/_npx/05823ecb1a3a987d/node_modules/create-storybook/dist/_node-chunks/chunk-KQWCXKNP.js:648:14)
[05:35:56.990] [PROMPT] Would you like to send anonymous crash reports to improve Storybook and fix bugs faster? {"choice":true}